Drill report for encoder.kicad_pcb
Created on 2025-04-04T18:35:21+0300

Copper Layer Stackup:
    =============================================================
    L1 :  F.Cu                      front
    L2 :  B.Cu                      back


Drill file 'encoder.drl' contains
    plated through holes:
    =============================================================
    T1  0.400mm  0.0157"  (52 holes)
    T2  0.600mm  0.0236"  (5 holes)
    T3  0.600mm  0.0236"  (8 holes)
    T4  0.700mm  0.0276"  (6 holes)
    T5  0.800mm  0.0315"  (2 holes)
    T6  0.900mm  0.0354"  (4 holes)
    T7  0.920mm  0.0362"  (4 holes)
    T8  1.000mm  0.0394"  (18 holes)
    T9  1.300mm  0.0512"  (2 holes)
    T10  1.500mm  0.0591"  (3 holes)
    T11  2.330mm  0.0917"  (2 holes)
    T12  3.200mm  0.1260"  (4 holes)

    Total plated holes count 110


Not plated through holes are merged with plated holes
    unplated through holes:
    =============================================================
    T13  3.200mm  0.1260"  (5 holes)
    T14  3.250mm  0.1280"  (1 hole)

    Total unplated holes count 6
